SBOM Comparison Summary
A: mikebom v0.1.0-alpha.47   [spdx-json] (source)
B: syft v1.42.3   [spdx-json] (binary)

Category                  Weight   A      B      Winner
----------------------------------------------------------
Completeness              High     5/5    3/5    A
Version Accuracy          High     2/5    2/5    —
License Coverage          Critic…  5/5    3/5    A
Dependency Graph          Medium   4/5    2/5    A
Supplier Attribution      Medium   5/5    1/5    A
Checksum Coverage         Medium   3/5    2/5    A
PURL Quality              Medium   4/5    3/5    A
CPE Coverage              Low      5/5    3/5    A
Annotations/Transparency  Low      5/5    1/5    A
----------------------------------------------------------
OVERALL (weighted)                 4.2    2.3    A

Findings: MISSING_COMPONENT=3  VERSION_MISMATCH=1  PURL_MISMATCH=1  LICENSE_GAP=1
CISA 2026 minimum elements met: A 13/16   B 11/16
Differences: true   Significant: true
